[www.facebook.com/login/device-based/regular/login/index8bdd.html]
[backblue.gif]
[fade.gif]
[index.html]
[www.facebook.com/login/device-based/regular/login/lCz8]
[www.facebook.com/login/device-based/regular/login/index25d1.html]
[www.facebook.com/login/device-based/regular/login/qnZW]
[www.facebook.com/login/device-based/regular/login/PmN3]
[www.facebook.com/login/device-based/regular/login/sZx1]
[www.facebook.com/login/device-based/regular/login/IToy]
[www.facebook.com/login/device-based/regular/login/S+p0]
[www.facebook.com/login/device-based/regular/login/km2J]
[www.facebook.com/login/device-based/regular/login/OIWf]
[www.facebook.com/login/device-based/regular/login/emU3]
[www.facebook.com/login/device-based/regular/login/36Dd]
[www.facebook.com/login/device-based/regular/login/dH2O]
[www.facebook.com/login/device-based/regular/login/qZW+]
[www.facebook.com/login/device-based/regular/login/gvCs]
[www.facebook.com/login/device-based/regular/login/index8bdd.html]
[www.facebook.com/login/device-based/regular/login/index25d1.html]
[www.facebook.com/login/device-based/regular/login/lCz8.html]
[www.facebook.com/login/device-based/regular/login/qnZW.html]
[www.facebook.com/login/device-based/regular/login/PmN3.html]
[www.facebook.com/login/device-based/regular/login/sZx1.html]
[www.facebook.com/login/device-based/regular/login/IToy.html]
[www.facebook.com/login/device-based/regular/login/S+p0.html]
[www.facebook.com/login/device-based/regular/login/km2J.html]
[www.facebook.com/login/device-based/regular/login/OIWf.html]
[www.facebook.com/login/device-based/regular/login/emU3.html]
[www.facebook.com/login/device-based/regular/login/36Dd.html]
[www.facebook.com/login/device-based/regular/login/dH2O.html]
[www.facebook.com/login/device-based/regular/login/qZW+.html]
[www.facebook.com/login/device-based/regular/login/gvCs.html]
